error: unrecognized format option.
       Hint: Regex format options must start and end with '/'
 --> tests/fail/nightly/non_unicode.rs:3:42
  |
3 |     sscanf::sscanf!("Hi", "yÌ†ğŸ˜›yÌ†{AyÌ†yÌ†yÌ†:ğŸ˜›}yÌ†ğŸ˜›yÌ†");
  |                                      ^^

error: unrecognized format option.
       Hint: Regex format options must start and end with '/'
 --> tests/fail/nightly/non_unicode.rs:4:45
  |
4 |     sscanf::sscanf!("Hi", r##"yÌ†ğŸ˜›yÌ†{AyÌ†yÌ†yÌ†:ğŸ˜›}yÌ†ğŸ˜›yÌ†"##);
  |                                         ^^
