error: unrecognized format option.
       Hint: Regex format options must start and end with '/':
       At "yÌ†ğŸ˜›yÌ†{AyÌ†yÌ†yÌ†:yÌ†}yÌ†ğŸ˜›yÌ†"
                     ^
 --> tests/fail/non_unicode.rs:3:26
  |
3 |     sscanf::scanf!("Hi", "yÌ†ğŸ˜›yÌ†{AyÌ†yÌ†yÌ†:yÌ†}yÌ†ğŸ˜›yÌ†");
  |                          ^^^^^^^^^^^^^^^^^^
