error[E0308]: mismatched types
 --> tests/fail/os_linux/ch_nightly/input_not_str.rs:2:20
  |
2 |     sscanf::scanf!(5usize, "{}", usize);
  |     ---------------^^^^^^--------------
  |     |              |
  |     |              expected `str`, found `usize`
  |     arguments to this function are incorrect
  |
  = note: expected reference `&str`
             found reference `&usize`
note: associated function defined here

error[E0308]: mismatched types
 --> tests/fail/os_linux/ch_nightly/input_not_str.rs:3:20
  |
3 |     sscanf::scanf!(b"5", "{}", usize);
  |     ---------------^^^^--------------
  |     |              |
  |     |              expected `str`, found `&[u8; 1]`
  |     arguments to this function are incorrect
  |
  = note: expected reference `&str`
             found reference `&&'static [u8; 1]`
note: associated function defined here
