error: regex parse error:
           ab(ab
             ^
       error: unclosed group

       In custom Regex format option:
       At "   {:/ab(ab/}   "
                 ^^^^^
 --> tests/fail/ch_stable/invalid_custom_regex.rs:2:24
  |
2 |     sscanf::scanf!("", "   {:/ab(ab/}   ", String).unwrap();
  |                        ^^^^^^^^^^^^^^^^^^
