error: Missing Type for given '{}' Placeholder
 --> $DIR/missing_type.rs:2:33
  |
2 |     sscanf::scanf!("hi", "asdf{}{}asdf{}", usize);
  |                                 ^^

error: Missing Type for given '{}' Placeholder
 --> $DIR/missing_type.rs:2:39
  |
2 |     sscanf::scanf!("hi", "asdf{}{}asdf{}", usize);
  |                                       ^^

error: Missing Type for given '{}' Placeholder
 --> $DIR/missing_type.rs:3:42
  |
3 |     sscanf::scanf!("hi", "asdf{}{usize}as{}df{i32}", usize);
  |                                          ^^
