error: unrecognized format option.
       Hint: Regex format options must start and end with '/':
       At "yÌ†ğŸ˜›yÌ†{AyÌ†yÌ†yÌ†:ğŸ˜›}yÌ†ğŸ˜›yÌ†"
                     ^^
 --> tests/fail/stable/non_unicode.rs:3:27
  |
3 |     sscanf::sscanf!("Hi", "yÌ†ğŸ˜›yÌ†{AyÌ†yÌ†yÌ†:ğŸ˜›}yÌ†ğŸ˜›yÌ†");
  |                           ^^^^^^^^^^^^^^^^^^^

error: unrecognized format option.
       Hint: Regex format options must start and end with '/':
       At r##"yÌ†ğŸ˜›yÌ†{AyÌ†yÌ†yÌ†:ğŸ˜›}yÌ†ğŸ˜›yÌ†"##
                        ^^
 --> tests/fail/stable/non_unicode.rs:4:27
  |
4 |     sscanf::sscanf!("Hi", r##"yÌ†ğŸ˜›yÌ†{AyÌ†yÌ†yÌ†:ğŸ˜›}yÌ†ğŸ˜›yÌ†"##);
  |                           ^^^^^^^^^^^^^^^^^^^^^^^^
